<!-- Boilerplate administration -->
<h1>Boilerplate â€“ Text Blocks</h1>
<div id="boilerplate_admin" data-delete-confirmation="Do you want to delete this text block?">
  <table>
    <tr>
      <td>
        <form action="/?&boilerplate" method="post" onsubmit="return confirm(document.getElementById('boilerplate_admin').dataset.deleteConfirmation);">
          <button>Delete</button>
          <input type="hidden" name="admin" value="plugin_main">
          <input type="hidden" name="action" value="delete">
          <input type="hidden" name="boilerplate_name" value="foo">
                  </form>
      </td>
      <td>
        <a href="/?&boilerplate&admin=plugin_main&action=edit&boilerplate_name=foo" title="Edit">foo</a>
      </td>
      <td>
        <input type="text" readonly="readonly" value="{{{boilerplate('foo')}}}"
          onclick="this.select();">
      </td>
    </tr>
    <tr>
      <td>
        <form action="/?&boilerplate" method="post" onsubmit="return confirm(document.getElementById('boilerplate_admin').dataset.deleteConfirmation);">
          <button>Delete</button>
          <input type="hidden" name="admin" value="plugin_main">
          <input type="hidden" name="action" value="delete">
          <input type="hidden" name="boilerplate_name" value="bar">
                  </form>
      </td>
      <td>
        <a href="/?&boilerplate&admin=plugin_main&action=edit&boilerplate_name=bar" title="Edit">bar</a>
      </td>
      <td>
        <input type="text" readonly="readonly" value="{{{boilerplate('bar')}}}"
          onclick="this.select();">
      </td>
    </tr>
  </table>
  <form action="/?&boilerplate" method="post">
    <input type="text" name="boilerplate_name">
    <input type="hidden" name="admin" value="plugin_main">
    <input type="hidden" name="action" value="new">
        <input type="submit" class="submit" value="Create">
  </form>
</div>
