<p class="xh_fail">The text block “bar” could not be read.</p>