<p class="xh_fail">The text block name “not allowed” is invalid. Valid names must consist of “a”-“z”, “0”-“9”, “_” and “-” only.</p>
